19:24:08 **** Incremental Build of configuration Debug for project LAB2_Ex1 ****
make -j12 all 
arm-none-eabi-gcc "../Core/Src/main.c" -mcpu=cortex-m3 -std=gnu11 -g3 -DDEBUG -DUSE_HAL_DRIVER -DSTM32F103x6 -c -I../Core/Inc -I../Drivers/STM32F1xx_HAL_Driver/Inc -I../Drivers/STM32F1xx_HAL_Driver/Inc/Legacy -I../Drivers/CMSIS/Device/ST/STM32F1xx/Include -I../Drivers/CMSIS/Include -O0 -ffunction-sections -fdata-sections -Wall -fstack-usage -MMD -MP -MF"Core/Src/main.d" -MT"Core/Src/main.o" --specs=nano.specs -mfloat-abi=soft -mthumb -o "Core/Src/main.o"
arm-none-eabi-gcc -o "LAB2_Ex1.elf" @"objects.list"   -mcpu=cortex-m3 -T"E:\STM32CubeIDE_1.7.0\MCU LAB\LAB2\Ex1\LAB2_Ex1\STM32F103C6UX_FLASH.ld" --specs=nosys.specs -Wl,-Map="LAB2_Ex1.map" -Wl,--gc-sections -static --specs=nano.specs -mfloat-abi=soft -mthumb -Wl,--start-group -lc -lm -Wl,--end-group
Finished building target: LAB2_Ex1.elf
 
arm-none-eabi-size   LAB2_Ex1.elf 
arm-none-eabi-objdump -h -S  LAB2_Ex1.elf  > "LAB2_Ex1.list"
arm-none-eabi-objcopy  -O ihex  LAB2_Ex1.elf  "LAB2_Ex1.hex"
   text	   data	    bss	    dec	    hex	filename
   4696	     20	   1572	   6288	   1890	LAB2_Ex1.elf
arm-none-eabi-objcopy  -O binary  LAB2_Ex1.elf  "LAB2_Ex1.bin"
Finished building: default.size.stdout
 
Finished building: LAB2_Ex1.hex
Finished building: LAB2_Ex1.bin
 
Finished building: LAB2_Ex1.list
 
 

19:24:09 Build Finished. 0 errors, 0 warnings. (took 1s.4ms)

